Archive member included to satisfy reference by file (symbol)

/opt/st/stm32cubeide_1.14.0/plugins/com.st.stm32cube.ide.mcu.externaltools.gnu-tools-for-stm32.11.3.rel1.linux64_1.1.100.202309141235/tools/bin/../lib/gcc/arm-none-eabi/11.3.1/../../../../arm-none-eabi/lib/thumb/v7-m/nofp/libc_nano.a(libc_a-exit.o)
                              /opt/st/stm32cubeide_1.14.0/plugins/com.st.stm32cube.ide.mcu.externaltools.gnu-tools-for-stm32.11.3.rel1.linux64_1.1.100.202309141235/tools/bin/../lib/gcc/arm-none-eabi/11.3.1/../../../../arm-none-eabi/lib/thumb/v7-m/nofp/crt0.o (exit)
/opt/st/stm32cubeide_1.14.0/plugins/com.st.stm32cube.ide.mcu.externaltools.gnu-tools-for-stm32.11.3.rel1.linux64_1.1.100.202309141235/tools/bin/../lib/gcc/arm-none-eabi/11.3.1/../../../../arm-none-eabi/lib/thumb/v7-m/nofp/libc_nano.a(libc_a-findfp.o)
                              /opt/st/stm32cubeide_1.14.0/plugins/com.st.stm32cube.ide.mcu.externaltools.gnu-tools-for-stm32.11.3.rel1.linux64_1.1.100.202309141235/tools/bin/../lib/gcc/arm-none-eabi/11.3.1/../../../../arm-none-eabi/lib/thumb/v7-m/nofp/libc_nano.a(libc_a-exit.o) (__stdio_exit_handler)
/opt/st/stm32cubeide_1.14.0/plugins/com.st.stm32cube.ide.mcu.externaltools.gnu-tools-for-stm32.11.3.rel1.linux64_1.1.100.202309141235/tools/bin/../lib/gcc/arm-none-eabi/11.3.1/../../../../arm-none-eabi/lib/thumb/v7-m/nofp/libc_nano.a(libc_a-fwalk.o)
                              /opt/st/stm32cubeide_1.14.0/plugins/com.st.stm32cube.ide.mcu.externaltools.gnu-tools-for-stm32.11.3.rel1.linux64_1.1.100.202309141235/tools/bin/../lib/gcc/arm-none-eabi/11.3.1/../../../../arm-none-eabi/lib/thumb/v7-m/nofp/libc_nano.a(libc_a-findfp.o) (_fwalk_sglue)
/opt/st/stm32cubeide_1.14.0/plugins/com.st.stm32cube.ide.mcu.externaltools.gnu-tools-for-stm32.11.3.rel1.linux64_1.1.100.202309141235/tools/bin/../lib/gcc/arm-none-eabi/11.3.1/../../../../arm-none-eabi/lib/thumb/v7-m/nofp/libc_nano.a(libc_a-stdio.o)
                              /opt/st/stm32cubeide_1.14.0/plugins/com.st.stm32cube.ide.mcu.externaltools.gnu-tools-for-stm32.11.3.rel1.linux64_1.1.100.202309141235/tools/bin/../lib/gcc/arm-none-eabi/11.3.1/../../../../arm-none-eabi/lib/thumb/v7-m/nofp/libc_nano.a(libc_a-findfp.o) (__sread)
/opt/st/stm32cubeide_1.14.0/plugins/com.st.stm32cube.ide.mcu.externaltools.gnu-tools-for-stm32.11.3.rel1.linux64_1.1.100.202309141235/tools/bin/../lib/gcc/arm-none-eabi/11.3.1/../../../../arm-none-eabi/lib/thumb/v7-m/nofp/libc_nano.a(libc_a-memset.o)
                              /opt/st/stm32cubeide_1.14.0/plugins/com.st.stm32cube.ide.mcu.externaltools.gnu-tools-for-stm32.11.3.rel1.linux64_1.1.100.202309141235/tools/bin/../lib/gcc/arm-none-eabi/11.3.1/../../../../arm-none-eabi/lib/thumb/v7-m/nofp/crt0.o (memset)
/opt/st/stm32cubeide_1.14.0/plugins/com.st.stm32cube.ide.mcu.externaltools.gnu-tools-for-stm32.11.3.rel1.linux64_1.1.100.202309141235/tools/bin/../lib/gcc/arm-none-eabi/11.3.1/../../../../arm-none-eabi/lib/thumb/v7-m/nofp/libc_nano.a(libc_a-closer.o)
                              /opt/st/stm32cubeide_1.14.0/plugins/com.st.stm32cube.ide.mcu.externaltools.gnu-tools-for-stm32.11.3.rel1.linux64_1.1.100.202309141235/tools/bin/../lib/gcc/arm-none-eabi/11.3.1/../../../../arm-none-eabi/lib/thumb/v7-m/nofp/libc_nano.a(libc_a-stdio.o) (_close_r)
/opt/st/stm32cubeide_1.14.0/plugins/com.st.stm32cube.ide.mcu.externaltools.gnu-tools-for-stm32.11.3.rel1.linux64_1.1.100.202309141235/tools/bin/../lib/gcc/arm-none-eabi/11.3.1/../../../../arm-none-eabi/lib/thumb/v7-m/nofp/libc_nano.a(libc_a-reent.o)
                              /opt/st/stm32cubeide_1.14.0/plugins/com.st.stm32cube.ide.mcu.externaltools.gnu-tools-for-stm32.11.3.rel1.linux64_1.1.100.202309141235/tools/bin/../lib/gcc/arm-none-eabi/11.3.1/../../../../arm-none-eabi/lib/thumb/v7-m/nofp/libc_nano.a(libc_a-closer.o) (errno)
/opt/st/stm32cubeide_1.14.0/plugins/com.st.stm32cube.ide.mcu.externaltools.gnu-tools-for-stm32.11.3.rel1.linux64_1.1.100.202309141235/tools/bin/../lib/gcc/arm-none-eabi/11.3.1/../../../../arm-none-eabi/lib/thumb/v7-m/nofp/libc_nano.a(libc_a-impure.o)
                              /opt/st/stm32cubeide_1.14.0/plugins/com.st.stm32cube.ide.mcu.externaltools.gnu-tools-for-stm32.11.3.rel1.linux64_1.1.100.202309141235/tools/bin/../lib/gcc/arm-none-eabi/11.3.1/../../../../arm-none-eabi/lib/thumb/v7-m/nofp/libc_nano.a(libc_a-reent.o) (_impure_ptr)
/opt/st/stm32cubeide_1.14.0/plugins/com.st.stm32cube.ide.mcu.externaltools.gnu-tools-for-stm32.11.3.rel1.linux64_1.1.100.202309141235/tools/bin/../lib/gcc/arm-none-eabi/11.3.1/../../../../arm-none-eabi/lib/thumb/v7-m/nofp/libc_nano.a(libc_a-lseekr.o)
                              /opt/st/stm32cubeide_1.14.0/plugins/com.st.stm32cube.ide.mcu.externaltools.gnu-tools-for-stm32.11.3.rel1.linux64_1.1.100.202309141235/tools/bin/../lib/gcc/arm-none-eabi/11.3.1/../../../../arm-none-eabi/lib/thumb/v7-m/nofp/libc_nano.a(libc_a-stdio.o) (_lseek_r)
[...]
Memory Configuration

Name             Origin             Length             Attributes
RAM              0x0000000020000000 0x0000000000005000 xrw
FLASH            0x0000000008000000 0x0000000000010000 xr
*default*        0x0000000000000000 0xffffffffffffffff

Linker script and memory map

LOAD /opt/st/stm32cubeide_1.14.0/plugins/com.st.stm32cube.ide.mcu.externaltools.gnu-tools-for-stm32.11.3.rel1.linux64_1.1.100.202309141235/tools/bin/../lib/gcc/arm-none-eabi/11.3.1/thumb/v7-m/nofp/crti.o
LOAD /opt/st/stm32cubeide_1.14.0/plugins/com.st.stm32cube.ide.mcu.externaltools.gnu-tools-for-stm32.11.3.rel1.linux64_1.1.100.202309141235/tools/bin/../lib/gcc/arm-none-eabi/11.3.1/thumb/v7-m/nofp/crtbegin.o
LOAD /opt/st/stm32cubeide_1.14.0/plugins/com.st.stm32cube.ide.mcu.externaltools.gnu-tools-for-stm32.11.3.rel1.linux64_1.1.100.202309141235/tools/bin/../lib/gcc/arm-none-eabi/11.3.1/../../../../arm-none-eabi/lib/thumb/v7-m/nofp/crt0.o
LOAD ./Core/Src/arial.o
LOAD ./Core/Src/main.o
LOAD ./Core/Src/oled.o
LOAD ./Core/Src/stm32f1xx_hal_msp.o
LOAD ./Core/Src/stm32f1xx_it.o
LOAD ./Core/Src/syscalls.o
LOAD ./Core/Src/sysmem.o
LOAD ./Core/Src/system_stm32f1xx.o
LOAD ./Core/Startup/startup_stm32f103c8tx.o
LOAD ./Drivers/STM32F1xx_HAL_Driver/Src/stm32f1xx_hal.o
LOAD ./Drivers/STM32F1xx_HAL_Driver/Src/stm32f1xx_hal_cortex.o
LOAD ./Drivers/STM32F1xx_HAL_Driver/Src/stm32f1xx_hal_dma.o
LOAD ./Drivers/STM32F1xx_HAL_Driver/Src/stm32f1xx_hal_exti.o
LOAD ./Drivers/STM32F1xx_HAL_Driver/Src/stm32f1xx_hal_flash.o
LOAD ./Drivers/STM32F1xx_HAL_Driver/Src/stm32f1xx_hal_flash_ex.o
LOAD ./Drivers/STM32F1xx_HAL_Driver/Src/stm32f1xx_hal_gpio.o
LOAD ./Drivers/STM32F1xx_HAL_Driver/Src/stm32f1xx_hal_gpio_ex.o
LOAD ./Drivers/STM32F1xx_HAL_Driver/Src/stm32f1xx_hal_i2c.o
LOAD ./Drivers/STM32F1xx_HAL_Driver/Src/stm32f1xx_hal_pwr.o
LOAD ./Drivers/STM32F1xx_HAL_Driver/Src/stm32f1xx_hal_rcc.o
LOAD ./Drivers/STM32F1xx_HAL_Driver/Src/stm32f1xx_hal_rcc_ex.o
LOAD ./Drivers/STM32F1xx_HAL_Driver/Src/stm32f1xx_hal_tim.o
LOAD ./Drivers/STM32F1xx_HAL_Driver/Src/stm32f1xx_hal_tim_ex.o
START GROUP
LOAD /opt/st/stm32cubeide_1.14.0/plugins/com.st.stm32cube.ide.mcu.externaltools.gnu-tools-for-stm32.11.3.rel1.linux64_1.1.100.202309141235/tools/bin/../lib/gcc/arm-none-eabi/11.3.1/../../../../arm-none-eabi/lib/thumb/v7-m/nofp/libc_nano.a
LOAD /opt/st/stm32cubeide_1.14.0/plugins/com.st.stm32cube.ide.mcu.externaltools.gnu-tools-for-stm32.11.3.rel1.linux64_1.1.100.202309141235/tools/bin/../lib/gcc/arm-none-eabi/11.3.1/../../../../arm-none-eabi/lib/thumb/v7-m/nofp/libm.a
END GROUP
START GROUP
LOAD /opt/st/stm32cubeide_1.14.0/plugins/com.st.stm32cube.ide.mcu.externaltools.gnu-tools-for-stm32.11.3.rel1.linux64_1.1.100.202309141235/tools/bin/../lib/gcc/arm-none-eabi/11.3.1/thumb/v7-m/nofp/libgcc.a
LOAD /opt/st/stm32cubeide_1.14.0/plugins/com.st.stm32cube.ide.mcu.externaltools.gnu-tools-for-stm32.11.3.rel1.linux64_1.1.100.202309141235/tools/bin/../lib/gcc/arm-none-eabi/11.3.1/../../../../arm-none-eabi/lib/thumb/v7-m/nofp/libc_nano.a
END GROUP
START GROUP
LOAD /opt/st/stm32cubeide_1.14.0/plugins/com.st.stm32cube.ide.mcu.externaltools.gnu-tools-for-stm32.11.3.rel1.linux64_1.1.100.202309141235/tools/bin/../lib/gcc/arm-none-eabi/11.3.1/thumb/v7-m/nofp/libgcc.a
LOAD /opt/st/stm32cubeide_1.14.0/plugins/com.st.stm32cube.ide.mcu.externaltools.gnu-tools-for-stm32.11.3.rel1.linux64_1.1.100.202309141235/tools/bin/../lib/gcc/arm-none-eabi/11.3.1/../../../../arm-none-eabi/lib/thumb/v7-m/nofp/libc_nano.a
LOAD /opt/st/stm32cubeide_1.14.0/plugins/com.st.stm32cube.ide.mcu.externaltools.gnu-tools-for-stm32.11.3.rel1.linux64_1.1.100.202309141235/tools/bin/../lib/gcc/arm-none-eabi/11.3.1/../../../../arm-none-eabi/lib/thumb/v7-m/nofp/libnosys.a
END GROUP
START GROUP
LOAD /opt/st/stm32cubeide_1.14.0/plugins/com.st.stm32cube.ide.mcu.externaltools.gnu-tools-for-stm32.11.3.rel1.linux64_1.1.100.202309141235/tools/bin/../lib/gcc/arm-none-eabi/11.3.1/thumb/v7-m/nofp/libgcc.a
LOAD /opt/st/stm32cubeide_1.14.0/plugins/com.st.stm32cube.ide.mcu.externaltools.gnu-tools-for-stm32.11.3.rel1.linux64_1.1.100.202309141235/tools/bin/../lib/gcc/arm-none-eabi/11.3.1/../../../../arm-none-eabi/lib/thumb/v7-m/nofp/libc_nano.a
LOAD /opt/st/stm32cubeide_1.14.0/plugins/com.st.stm32cube.ide.mcu.externaltools.gnu-tools-for-stm32.11.3.rel1.linux64_1.1.100.202309141235/tools/bin/../lib/gcc/arm-none-eabi/11.3.1/../../../../arm-none-eabi/lib/thumb/v7-m/nofp/libnosys.a
END GROUP
LOAD /opt/st/stm32cubeide_1.14.0/plugins/com.st.stm32cube.ide.mcu.externaltools.gnu-tools-for-stm32.11.3.rel1.linux64_1.1.100.202309141235/tools/bin/../lib/gcc/arm-none-eabi/11.3.1/thumb/v7-m/nofp/crtend.o
LOAD /opt/st/stm32cubeide_1.14.0/plugins/com.st.stm32cube.ide.mcu.externaltools.gnu-tools-for-stm32.11.3.rel1.linux64_1.1.100.202309141235/tools/bin/../lib/gcc/arm-none-eabi/11.3.1/thumb/v7-m/nofp/crtn.o
                0x0000000020005000                _estack = (ORIGIN (RAM) + LENGTH (RAM))
                0x0000000000000200                _Min_Heap_Size = 0x200
                0x0000000000000400                _Min_Stack_Size = 0x400

.isr_vector     0x0000000008000000      0x10c
                0x0000000008000000                . = ALIGN (0x4)
 *(.isr_vector)
 .isr_vector    0x0000000008000000      0x10c ./Core/Startup/startup_stm32f103c8tx.o
                0x0000000008000000                g_pfnVectors
                0x000000000800010c                . = ALIGN (0x4)

.text           0x000000000800010c     0x1fa8
                0x000000000800010c                . = ALIGN (0x4)
 *(.text)
 .text          0x000000000800010c       0x40 /opt/st/stm32cubeide_1.14.0/plugins/com.st.stm32cube.ide.mcu.externaltools.gnu-tools-for-stm32.11.3.rel1.linux64_1.1.100.202309141235/tools/bin/../lib/gcc/arm-none-eabi/11.3.1/thumb/v7-m/nofp/crtbegin.o
 *(.text*)
 .text.main     0x000000000800014c      0x104 ./Core/Src/main.o
                0x000000000800014c                main
 .text.SystemClock_Config
                0x0000000008000250       0x8a ./Core/Src/main.o
                0x0000000008000250                SystemClock_Config
 *fill*         0x00000000080002da        0x2 
 .text.MX_I2C1_Init
                0x00000000080002dc       0x5c ./Core/Src/main.o
 .text.MX_GPIO_Init
                0x0000000008000338       0xb0 ./Core/Src/main.o
 .text.Error_Handler
                0x00000000080003e8        0xa ./Core/Src/main.o
                0x00000000080003e8                Error_Handler
 .text.Oled_Comando
                0x00000000080003f2       0x30 ./Core/Src/oled.o
                0x00000000080003f2                Oled_Comando
 .text.Oled_Comandos
                0x0000000008000422       0x7e ./Core/Src/oled.o
                0x0000000008000422                Oled_Comandos
 .text.Oled_Dato
                0x00000000080004a0       0x2e ./Core/Src/oled.o
                0x00000000080004a0                Oled_Dato
 *fill*         0x00000000080004ce        0x2 
 .text.Oled_Inicializa
                0x00000000080004d0      0x114 ./Core/Src/oled.o
                0x00000000080004d0                Oled_Inicializa
 .text.Oled_Dibuja
                0x00000000080005e4       0x6c ./Core/Src/oled.o
                0x00000000080005e4                Oled_Dibuja
 .text.Oled_LimpiaDisplay
                0x0000000008000650       0x28 ./Core/Src/oled.o
                0x0000000008000650                Oled_LimpiaDisplay
 .text.Oled_ColocaCaracter
                0x0000000008000678       0x74 ./Core/Src/oled.o
                0x0000000008000678                Oled_ColocaCaracter
 .text.Oled_EnviaCadenaXY
                0x00000000080006ec       0x5c ./Core/Src/oled.o
                0x00000000080006ec                Oled_EnviaCadenaXY
 .text.Oled_MuestraPantalla
                0x0000000008000748       0x1c ./Core/Src/oled.o
                0x0000000008000748                Oled_MuestraPantalla
 .text.HAL_MspInit
                0x0000000008000764       0x64 ./Core/Src/stm32f1xx_hal_msp.o
                0x0000000008000764                HAL_MspInit
 .text.HAL_I2C_MspInit
                0x00000000080007c8       0x7c ./Core/Src/stm32f1xx_hal_msp.o
                0x00000000080007c8                HAL_I2C_MspInit
 .text.NMI_Handler
                0x0000000008000844        0x6 ./Core/Src/stm32f1xx_it.o
                0x0000000008000844                NMI_Handler
 .text.HardFault_Handler
                0x000000000800084a        0x6 ./Core/Src/stm32f1xx_it.o
                0x000000000800084a                HardFault_Handler
 .text.MemManage_Handler
                0x0000000008000850        0x6 ./Core/Src/stm32f1xx_it.o
                0x0000000008000850                MemManage_Handler
 .text.BusFault_Handler
                0x0000000008000856        0x6 ./Core/Src/stm32f1xx_it.o
                0x0000000008000856                BusFault_Handler
 .text.UsageFault_Handler
                0x000000000800085c        0x6 ./Core/Src/stm32f1xx_it.o
                0x000000000800085c                UsageFault_Handler
 .text.SVC_Handler
                0x0000000008000862        0xc ./Core/Src/stm32f1xx_it.o
                0x0000000008000862                SVC_Handler
 .text.DebugMon_Handler
                0x000000000800086e        0xc ./Core/Src/stm32f1xx_it.o
                0x000000000800086e                DebugMon_Handler
 .text.PendSV_Handler
                0x000000000800087a        0xc ./Core/Src/stm32f1xx_it.o
                0x000000000800087a                PendSV_Handler
 .text.SysTick_Handler
                0x0000000008000886        0xc ./Core/Src/stm32f1xx_it.o
                0x0000000008000886                SysTick_Handler
 .text.SystemInit
                0x0000000008000892        0xc ./Core/Src/system_stm32f1xx.o
                0x0000000008000892                SystemInit
 *fill*         0x000000000800089e        0x2 
 .text.Reset_Handler
                0x00000000080008a0       0x48 ./Core/Startup/startup_stm32f103c8tx.o
                0x00000000080008a0                Reset_Handler
 .text.Default_Handler
                0x00000000080008e8        0x2 ./Core/Startup/startup_stm32f103c8tx.o
                0x00000000080008e8                RTC_Alarm_IRQHandler
                0x00000000080008e8                EXTI2_IRQHandler
                0x00000000080008e8                TIM1_CC_IRQHandler
                0x00000000080008e8                PVD_IRQHandler
                0x00000000080008e8                EXTI3_IRQHandler
                0x00000000080008e8                EXTI0_IRQHandler
                0x00000000080008e8                I2C2_EV_IRQHandler
                0x00000000080008e8                ADC1_2_IRQHandler
                0x00000000080008e8                SPI1_IRQHandler
                0x00000000080008e8                TAMPER_IRQHandler
                0x00000000080008e8                DMA1_Channel4_IRQHandler
                0x00000000080008e8                USART3_IRQHandler
                0x00000000080008e8                RTC_IRQHandler
                0x00000000080008e8                DMA1_Channel7_IRQHandler
                0x00000000080008e8                CAN1_RX1_IRQHandler
                0x00000000080008e8                TIM4_IRQHandler
                0x00000000080008e8                I2C1_EV_IRQHandler
                0x00000000080008e8                DMA1_Channel6_IRQHandler
                0x00000000080008e8                TIM3_IRQHandler
                0x00000000080008e8                RCC_IRQHandler
                0x00000000080008e8                TIM1_TRG_COM_IRQHandler
                0x00000000080008e8                DMA1_Channel1_IRQHandler
                0x00000000080008e8                Default_Handler
                0x00000000080008e8                EXTI15_10_IRQHandler
                0x00000000080008e8                EXTI9_5_IRQHandler
                0x00000000080008e8                SPI2_IRQHandler
                0x00000000080008e8                DMA1_Channel5_IRQHandler
                0x00000000080008e8                EXTI4_IRQHandler
                0x00000000080008e8                USB_LP_CAN1_RX0_IRQHandler
                0x00000000080008e8                USB_HP_CAN1_TX_IRQHandler
                0x00000000080008e8                DMA1_Channel3_IRQHandler
                0x00000000080008e8                TIM1_UP_IRQHandler
                0x00000000080008e8                WWDG_IRQHandler
                0x00000000080008e8                TIM2_IRQHandler
                0x00000000080008e8                TIM1_BRK_IRQHandler
                0x00000000080008e8                EXTI1_IRQHandler
                0x00000000080008e8                USART2_IRQHandler
                0x00000000080008e8                I2C2_ER_IRQHandler
                0x00000000080008e8                DMA1_Channel2_IRQHandler
                0x00000000080008e8                CAN1_SCE_IRQHandler
                0x00000000080008e8                FLASH_IRQHandler
                0x00000000080008e8                USART1_IRQHandler
                0x00000000080008e8                I2C1_ER_IRQHandler
                0x00000000080008e8                USBWakeUp_IRQHandler
 *fill*         0x00000000080008ea        0x2 
 .text.HAL_Init
                0x00000000080008ec       0x2c ./Drivers/STM32F1xx_HAL_Driver/Src/stm32f1xx_hal.o
                0x00000000080008ec                HAL_Init
 .text.HAL_InitTick
                0x0000000008000918       0x60 ./Drivers/STM32F1xx_HAL_Driver/Src/stm32f1xx_hal.o
                0x0000000008000918                HAL_InitTick
 .text.HAL_IncTick
                0x0000000008000978       0x24 ./Drivers/STM32F1xx_HAL_Driver/Src/stm32f1xx_hal.o
                0x0000000008000978                HAL_IncTick
 .text.HAL_GetTick
                0x000000000800099c       0x14 ./Drivers/STM32F1xx_HAL_Driver/Src/stm32f1xx_hal.o
                0x000000000800099c                HAL_GetTick
 .text.HAL_Delay
                0x00000000080009b0       0x48 ./Drivers/STM32F1xx_HAL_Driver/Src/stm32f1xx_hal.o
                0x00000000080009b0                HAL_Delay
 .text.__NVIC_SetPriorityGrouping
                0x00000000080009f8       0x48 ./Drivers/STM32F1xx_HAL_Driver/Src/stm32f1xx_hal_cortex.o
 .text.__NVIC_GetPriorityGrouping
                0x0000000008000a40       0x1c ./Drivers/STM32F1xx_HAL_Driver/Src/stm32f1xx_hal_cortex.o
 .text.__NVIC_SetPriority
                0x0000000008000a5c       0x54 ./Drivers/STM32F1xx_HAL_Driver/Src/stm32f1xx_hal_cortex.o
 .text.NVIC_EncodePriority
                0x0000000008000ab0       0x64 ./Drivers/STM32F1xx_HAL_Driver/Src/stm32f1xx_hal_cortex.o
 .text.SysTick_Config
                0x0000000008000b14       0x44 ./Drivers/STM32F1xx_HAL_Driver/Src/stm32f1xx_hal_cortex.o
 .text.HAL_NVIC_SetPriorityGrouping
                0x0000000008000b58       0x16 ./Drivers/STM32F1xx_HAL_Driver/Src/stm32f1xx_hal_cortex.o
                0x0000000008000b58                HAL_NVIC_SetPriorityGrouping
 .text.HAL_NVIC_SetPriority
                0x0000000008000b6e       0x38 ./Drivers/STM32F1xx_HAL_Driver/Src/stm32f1xx_hal_cortex.o
                0x0000000008000b6e                HAL_NVIC_SetPriority
 .text.HAL_SYSTICK_Config
                0x0000000008000ba6       0x18 ./Drivers/STM32F1xx_HAL_Driver/Src/stm32f1xx_hal_cortex.o
                0x0000000008000ba6                HAL_SYSTICK_Config
 *fill*         0x0000000008000bbe        0x2 
 .text.HAL_GPIO_Init
                0x0000000008000bc0      0x308 ./Drivers/STM32F1xx_HAL_Driver/Src/stm32f1xx_hal_gpio.o
                0x0000000008000bc0                HAL_GPIO_Init
 .text.HAL_GPIO_WritePin
                0x0000000008000ec8       0x30 ./Drivers/STM32F1xx_HAL_Driver/Src/stm32f1xx_hal_gpio.o
                0x0000000008000ec8                HAL_GPIO_WritePin
 .text.HAL_I2C_Init
                0x0000000008000ef8      0x288 ./Drivers/STM32F1xx_HAL_Driver/Src/stm32f1xx_hal_i2c.o
                0x0000000008000ef8                HAL_I2C_Init
 .text.HAL_I2C_Master_Transmit
                0x0000000008001180      0x1fc ./Drivers/STM32F1xx_HAL_Driver/Src/stm32f1xx_hal_i2c.o
                0x0000000008001180                HAL_I2C_Master_Transmit
 .text.I2C_MasterRequestWrite
                0x000000000800137c      0x104 ./Drivers/STM32F1xx_HAL_Driver/Src/stm32f1xx_hal_i2c.o
 .text.I2C_WaitOnFlagUntilTimeout
                0x0000000008001480       0xf4 ./Drivers/STM32F1xx_HAL_Driver/Src/stm32f1xx_hal_i2c.o
 .text.I2C_WaitOnMasterAddressFlagUntilTimeout
                0x0000000008001574      0x140 ./Drivers/STM32F1xx_HAL_Driver/Src/stm32f1xx_hal_i2c.o
 .text.I2C_WaitOnTXEFlagUntilTimeout
                0x00000000080016b4       0x90 ./Drivers/STM32F1xx_HAL_Driver/Src/stm32f1xx_hal_i2c.o
 .text.I2C_WaitOnBTFFlagUntilTimeout
                0x0000000008001744       0x90 ./Drivers/STM32F1xx_HAL_Driver/Src/stm32f1xx_hal_i2c.o
 .text.I2C_IsAcknowledgeFailed
                0x00000000080017d4       0x5c ./Drivers/STM32F1xx_HAL_Driver/Src/stm32f1xx_hal_i2c.o
 .text.HAL_RCC_OscConfig
                0x0000000008001830      0x504 ./Drivers/STM32F1xx_HAL_Driver/Src/stm32f1xx_hal_rcc.o
                0x0000000008001830                HAL_RCC_OscConfig
 .text.HAL_RCC_ClockConfig
                0x0000000008001d34      0x1d4 ./Drivers/STM32F1xx_HAL_Driver/Src/stm32f1xx_hal_rcc.o
                0x0000000008001d34                HAL_RCC_ClockConfig
 .text.HAL_RCC_GetSysClockFreq
                0x0000000008001f08       0xa8 ./Drivers/STM32F1xx_HAL_Driver/Src/stm32f1xx_hal_rcc.o
                0x0000000008001f08                HAL_RCC_GetSysClockFreq
 .text.HAL_RCC_GetHCLKFreq
                0x0000000008001fb0       0x14 ./Drivers/STM32F1xx_HAL_Driver/Src/stm32f1xx_hal_rcc.o
                0x0000000008001fb0                HAL_RCC_GetHCLKFreq
 .text.HAL_RCC_GetPCLK1Freq
                0x0000000008001fc4       0x28 ./Drivers/STM32F1xx_HAL_Driver/Src/stm32f1xx_hal_rcc.o
                0x0000000008001fc4                HAL_RCC_GetPCLK1Freq
 .text.RCC_Delay
                0x0000000008001fec       0x3c ./Drivers/STM32F1xx_HAL_Driver/Src/stm32f1xx_hal_rcc.o
 .text.memset   0x0000000008002028       0x10 /opt/st/stm32cubeide_1.14.0/plugins/com.st.stm32cube.ide.mcu.externaltools.gnu-tools-for-stm32.11.3.rel1.linux64_1.1.100.202309141235/tools/bin/../lib/gcc/arm-none-eabi/11.3.1/../../../../arm-none-eabi/lib/thumb/v7-m/nofp/libc_nano.a(libc_a-memset.o)
                0x0000000008002028                memset
 .text.__libc_init_array
                0x0000000008002038       0x48 /opt/st/stm32cubeide_1.14.0/plugins/com.st.stm32cube.ide.mcu.externaltools.gnu-tools-for-stm32.11.3.rel1.linux64_1.1.100.202309141235/tools/bin/../lib/gcc/arm-none-eabi/11.3.1/../../../../arm-none-eabi/lib/thumb/v7-m/nofp/libc_nano.a(libc_a-init.o)
                0x0000000008002038                __libc_init_array
 .text.memcpy   0x0000000008002080       0x1c /opt/st/stm32cubeide_1.14.0/plugins/com.st.stm32cube.ide.mcu.externaltools.gnu-tools-for-stm32.11.3.rel1.linux64_1.1.100.202309141235/tools/bin/../lib/gcc/arm-none-eabi/11.3.1/../../../../arm-none-eabi/lib/thumb/v7-m/nofp/libc_nano.a(libc_a-memcpy-stub.o)
                0x0000000008002080                memcpy
 *(.glue_7)
 .glue_7        0x000000000800209c        0x0 linker stubs
 *(.glue_7t)
 .glue_7t       0x000000000800209c        0x0 linker stubs
 *(.eh_frame)
 .eh_frame      0x000000000800209c        0x0 /opt/st/stm32cubeide_1.14.0/plugins/com.st.stm32cube.ide.mcu.externaltools.gnu-tools-for-stm32.11.3.rel1.linux64_1.1.100.202309141235/tools/bin/../lib/gcc/arm-none-eabi/11.3.1/thumb/v7-m/nofp/crtbegin.o
 *(.init)
 .init          0x000000000800209c        0x4 /opt/st/stm32cubeide_1.14.0/plugins/com.st.stm32cube.ide.mcu.externaltools.gnu-tools-for-stm32.11.3.rel1.linux64_1.1.100.202309141235/tools/bin/../lib/gcc/arm-none-eabi/11.3.1/thumb/v7-m/nofp/crti.o
                0x000000000800209c                _init
 .init          0x00000000080020a0        0x8 /opt/st/stm32cubeide_1.14.0/plugins/com.st.stm32cube.ide.mcu.externaltools.gnu-tools-for-stm32.11.3.rel1.linux64_1.1.100.202309141235/tools/bin/../lib/gcc/arm-none-eabi/11.3.1/thumb/v7-m/nofp/crtn.o
 *(.fini)
 .fini          0x00000000080020a8        0x4 /opt/st/stm32cubeide_1.14.0/plugins/com.st.stm32cube.ide.mcu.externaltools.gnu-tools-for-stm32.11.3.rel1.linux64_1.1.100.202309141235/tools/bin/../lib/gcc/arm-none-eabi/11.3.1/thumb/v7-m/nofp/crti.o
                0x00000000080020a8                _fini
 .fini          0x00000000080020ac        0x8 /opt/st/stm32cubeide_1.14.0/plugins/com.st.stm32cube.ide.mcu.externaltools.gnu-tools-for-stm32.11.3.rel1.linux64_1.1.100.202309141235/tools/bin/../lib/gcc/arm-none-eabi/11.3.1/thumb/v7-m/nofp/crtn.o
                0x00000000080020b4                . = ALIGN (0x4)
                0x00000000080020b4                _etext = .

.vfp11_veneer   0x00000000080020b4        0x0
 .vfp11_veneer  0x00000000080020b4        0x0 linker stubs

.v4_bx          0x00000000080020b4        0x0
 .v4_bx         0x00000000080020b4        0x0 linker stubs

.iplt           0x00000000080020b4        0x0
 .iplt          0x00000000080020b4        0x0 /opt/st/stm32cubeide_1.14.0/plugins/com.st.stm32cube.ide.mcu.externaltools.gnu-tools-for-stm32.11.3.rel1.linux64_1.1.100.202309141235/tools/bin/../lib/gcc/arm-none-eabi/11.3.1/thumb/v7-m/nofp/crtbegin.o

.rodata         0x00000000080020b4     0x18f8
                0x00000000080020b4                . = ALIGN (0x4)
 *(.rodata)
 .rodata        0x00000000080020b4       0x55 ./Core/Src/main.o
 *fill*         0x0000000008002109        0x3 
 .rodata        0x000000000800210c       0x18 ./Core/Src/oled.o
 *(.rodata*)
 .rodata.image_data_Arial_0x20
                0x0000000008002124        0x8 ./Core/Src/arial.o
 .rodata.Arial_0x20
                0x000000000800212c        0xc ./Core/Src/arial.o
 .rodata.image_data_Arial_0x21
                0x0000000008002138        0x8 ./Core/Src/arial.o
 .rodata.Arial_0x21
                0x0000000008002140        0xc ./Core/Src/arial.o
 .rodata.image_data_Arial_0x22
                0x000000000800214c        0x8 ./Core/Src/arial.o
 .rodata.Arial_0x22
                0x0000000008002154        0xc ./Core/Src/arial.o
 .rodata.image_data_Arial_0x23
                0x0000000008002160        0x8 ./Core/Src/arial.o
 .rodata.Arial_0x23
                0x0000000008002168        0xc ./Core/Src/arial.o
 .rodata.image_data_Arial_0x24
                0x0000000008002174        0x8 ./Core/Src/arial.o
 .rodata.Arial_0x24
                0x000000000800217c        0xc ./Core/Src/arial.o
 .rodata.image_data_Arial_0x25
                0x0000000008002188        0x8 ./Core/Src/arial.o
 .rodata.Arial_0x25
                0x0000000008002190        0xc ./Core/Src/arial.o
 .rodata.image_data_Arial_0x26
                0x000000000800219c        0x8 ./Core/Src/arial.o
 .rodata.Arial_0x26
                0x00000000080021a4        0xc ./Core/Src/arial.o
 .rodata.image_data_Arial_0x27
                0x00000000080021b0        0x8 ./Core/Src/arial.o
 .rodata.Arial_0x27
                0x00000000080021b8        0xc ./Core/Src/arial.o
 .rodata.image_data_Arial_0x28
                0x00000000080021c4        0x8 ./Core/Src/arial.o
 .rodata.Arial_0x28
                0x00000000080021cc        0xc ./Core/Src/arial.o
 .rodata.image_data_Arial_0x29
                0x00000000080021d8        0x8 ./Core/Src/arial.o
 .rodata.Arial_0x29
                0x00000000080021e0        0xc ./Core/Src/arial.o
 .rodata.image_data_Arial_0x2a
                0x00000000080021ec        0x8 ./Core/Src/arial.o
 .rodata.Arial_0x2a
                0x00000000080021f4        0xc ./Core/Src/arial.o
 .rodata.image_data_Arial_0x2b
                0x0000000008002200        0x8 ./Core/Src/arial.o
 .rodata.Arial_0x2b
                0x0000000008002208        0xc ./Core/Src/arial.o
 .rodata.image_data_Arial_0x2c
                0x0000000008002214        0x8 ./Core/Src/arial.o
 .rodata.Arial_0x2c
                0x000000000800221c        0xc ./Core/Src/arial.o
 .rodata.image_data_Arial_0x2d
                0x0000000008002228        0x8 ./Core/Src/arial.o
 .rodata.Arial_0x2d
                0x0000000008002230        0xc ./Core/Src/arial.o
 .rodata.image_data_Arial_0x2e
                0x000000000800223c        0x8 ./Core/Src/arial.o
 .rodata.Arial_0x2e
                0x0000000008002244        0xc ./Core/Src/arial.o
 .rodata.image_data_Arial_0x2f
                0x0000000008002250        0x8 ./Core/Src/arial.o
 .rodata.Arial_0x2f
                0x0000000008002258        0xc ./Core/Src/arial.o
 .rodata.image_data_Arial_0x30
                0x0000000008002264        0x8 ./Core/Src/arial.o
 .rodata.Arial_0x30
                0x000000000800226c        0xc ./Core/Src/arial.o
 .rodata.image_data_Arial_0x31
                0x0000000008002278        0x8 ./Core/Src/arial.o
 .rodata.Arial_0x31
                0x0000000008002280        0xc ./Core/Src/arial.o
 .rodata.image_data_Arial_0x32
                0x000000000800228c        0x8 ./Core/Src/arial.o
 .rodata.Arial_0x32
                0x0000000008002294        0xc ./Core/Src/arial.o
 .rodata.image_data_Arial_0x33
                0x00000000080022a0        0x8 ./Core/Src/arial.o
 .rodata.Arial_0x33
                0x00000000080022a8        0xc ./Core/Src/arial.o
 .rodata.image_data_Arial_0x34
                0x00000000080022b4        0x8 ./Core/Src/arial.o
 .rodata.Arial_0x34
                0x00000000080022bc        0xc ./Core/Src/arial.o
 .rodata.image_data_Arial_0x35
                0x00000000080022c8        0x8 ./Core/Src/arial.o
 .rodata.Arial_0x35
                0x00000000080022d0        0xc ./Core/Src/arial.o
 .rodata.image_data_Arial_0x36
                0x00000000080022dc        0x8 ./Core/Src/arial.o
 .rodata.Arial_0x36
                0x00000000080022e4        0xc ./Core/Src/arial.o
 .rodata.image_data_Arial_0x37
                0x00000000080022f0        0x8 ./Core/Src/arial.o
 .rodata.Arial_0x37
                0x00000000080022f8        0xc ./Core/Src/arial.o
 .rodata.image_data_Arial_0x38
                0x0000000008002304        0x8 ./Core/Src/arial.o
 .rodata.Arial_0x38
                0x000000000800230c        0xc ./Core/Src/arial.o
 .rodata.image_data_Arial_0x39
                0x0000000008002318        0x8 ./Core/Src/arial.o
 .rodata.Arial_0x39
                0x0000000008002320        0xc ./Core/Src/arial.o
 .rodata.image_data_Arial_0x3a
                0x000000000800232c        0x8 ./Core/Src/arial.o
 .rodata.Arial_0x3a
                0x0000000008002334        0xc ./Core/Src/arial.o
 .rodata.image_data_Arial_0x3b
                0x0000000008002340        0x8 ./Core/Src/arial.o
 .rodata.Arial_0x3b
                0x0000000008002348        0xc ./Core/Src/arial.o
 .rodata.image_data_Arial_0x3c
                0x0000000008002354        0x8 ./Core/Src/arial.o
 .rodata.Arial_0x3c
                0x000000000800235c        0xc ./Core/Src/arial.o
 .rodata.image_data_Arial_0x3d
                0x0000000008002368        0x8 ./Core/Src/arial.o
 .rodata.Arial_0x3d
                0x0000000008002370        0xc ./Core/Src/arial.o
 .rodata.image_data_Arial_0x3e
                0x000000000800237c        0x8 ./Core/Src/arial.o
 .rodata.Arial_0x3e
                0x0000000008002384        0xc ./Core/Src/arial.o
 .rodata.image_data_Arial_0x3f
                0x0000000008002390        0x8 ./Core/Src/arial.o
 .rodata.Arial_0x3f
                0x0000000008002398        0xc ./Core/Src/arial.o
 .rodata.image_data_Arial_0x40
                0x00000000080023a4        0x8 ./Core/Src/arial.o
 .rodata.Arial_0x40
                0x00000000080023ac        0xc ./Core/Src/arial.o
 .rodata.image_data_Arial_0x41
                0x00000000080023b8        0x8 ./Core/Src/arial.o
 .rodata.Arial_0x41
                0x00000000080023c0        0xc ./Core/Src/arial.o
 .rodata.image_data_Arial_0x42
                0x00000000080023cc        0x8 ./Core/Src/arial.o
 .rodata.Arial_0x42
                0x00000000080023d4        0xc ./Core/Src/arial.o
 .rodata.image_data_Arial_0x43
                0x00000000080023e0        0x8 ./Core/Src/arial.o
 .rodata.Arial_0x43
                0x00000000080023e8        0xc ./Core/Src/arial.o
 .rodata.image_data_Arial_0x44
                0x00000000080023f4        0x8 ./Core/Src/arial.o
 .rodata.Arial_0x44
                0x00000000080023fc        0xc ./Core/Src/arial.o
 .rodata.image_data_Arial_0x45
                0x0000000008002408        0x8 ./Core/Src/arial.o
 .rodata.Arial_0x45
                0x0000000008002410        0xc ./Core/Src/arial.o
 .rodata.image_data_Arial_0x46
                0x000000000800241c        0x8 ./Core/Src/arial.o
 .rodata.Arial_0x46
                0x0000000008002424        0xc ./Core/Src/arial.o
 .rodata.image_data_Arial_0x47
                0x0000000008002430        0x8 ./Core/Src/arial.o
 .rodata.Arial_0x47
                0x0000000008002438        0xc ./Core/Src/arial.o
 .rodata.image_data_Arial_0x48
                0x0000000008002444        0x8 ./Core/Src/arial.o
 .rodata.Arial_0x48
                0x000000000800244c        0xc ./Core/Src/arial.o
 .rodata.image_data_Arial_0x49
                0x0000000008002458        0x8 ./Core/Src/arial.o
 .rodata.Arial_0x49
                0x0000000008002460        0xc ./Core/Src/arial.o
 .rodata.image_data_Arial_0x4a
                0x000000000800246c        0x8 ./Core/Src/arial.o
 .rodata.Arial_0x4a
                0x0000000008002474        0xc ./Core/Src/arial.o
 .rodata.image_data_Arial_0x4b
                0x0000000008002480        0x8 ./Core/Src/arial.o
 .rodata.Arial_0x4b
                0x0000000008002488        0xc ./Core/Src/arial.o
 .rodata.image_data_Arial_0x4c
                0x0000000008002494        0x8 ./Core/Src/arial.o
 .rodata.Arial_0x4c
                0x000000000800249c        0xc ./Core/Src/arial.o
 .rodata.image_data_Arial_0x4d
                0x00000000080024a8        0x8 ./Core/Src/arial.o
 .rodata.Arial_0x4d
                0x00000000080024b0        0xc ./Core/Src/arial.o
 .rodata.image_data_Arial_0x4e
                0x00000000080024bc        0x8 ./Core/Src/arial.o
 .rodata.Arial_0x4e
                0x00000000080024c4        0xc ./Core/Src/arial.o
 .rodata.image_data_Arial_0x4f
                0x00000000080024d0        0x8 ./Core/Src/arial.o
 .rodata.Arial_0x4f
                0x00000000080024d8        0xc ./Core/Src/arial.o
 .rodata.image_data_Arial_0x50
                0x00000000080024e4        0x8 ./Core/Src/arial.o
 .rodata.Arial_0x50
                0x00000000080024ec        0xc ./Core/Src/arial.o
 .rodata.image_data_Arial_0x51
                0x00000000080024f8        0x8 ./Core/Src/arial.o
 .rodata.Arial_0x51
                0x0000000008002500        0xc ./Core/Src/arial.o
 .rodata.image_data_Arial_0x52
                0x000000000800250c        0x8 ./Core/Src/arial.o
 .rodata.Arial_0x52
                0x0000000008002514        0xc ./Core/Src/arial.o
 .rodata.image_data_Arial_0x53
                0x0000000008002520        0x8 ./Core/Src/arial.o
 .rodata.Arial_0x53
                0x0000000008002528        0xc ./Core/Src/arial.o
 .rodata.image_data_Arial_0x54
                0x0000000008002534        0x8 ./Core/Src/arial.o
 .rodata.Arial_0x54
                0x000000000800253c        0xc ./Core/Src/arial.o
 .rodata.image_data_Arial_0x55
                0x0000000008002548        0x8 ./Core/Src/arial.o
 .rodata.Arial_0x55
                0x0000000008002550        0xc ./Core/Src/arial.o
 .rodata.image_data_Arial_0x56
                0x000000000800255c        0x8 ./Core/Src/arial.o
 .rodata.Arial_0x56
                0x0000000008002564        0xc ./Core/Src/arial.o
 .rodata.image_data_Arial_0x57
                0x0000000008002570        0x8 ./Core/Src/arial.o
 .rodata.Arial_0x57
                0x0000000008002578        0xc ./Core/Src/arial.o
 .rodata.image_data_Arial_0x58
                0x0000000008002584        0x8 ./Core/Src/arial.o
 .rodata.Arial_0x58
                0x000000000800258c        0xc ./Core/Src/arial.o
 .rodata.image_data_Arial_0x59
                0x0000000008002598        0x8 ./Core/Src/arial.o
 .rodata.Arial_0x59
                0x00000000080025a0        0xc ./Core/Src/arial.o
 .rodata.image_data_Arial_0x5a
                0x00000000080025ac        0x8 ./Core/Src/arial.o
 .rodata.Arial_0x5a
                0x00000000080025b4        0xc ./Core/Src/arial.o
 .rodata.image_data_Arial_0x5b
                0x00000000080025c0        0x8 ./Core/Src/arial.o
 .rodata.Arial_0x5b
                0x00000000080025c8        0xc ./Core/Src/arial.o
 .rodata.image_data_Arial_0x5c
                0x00000000080025d4        0x8 ./Core/Src/arial.o
 .rodata.Arial_0x5c
                0x00000000080025dc        0xc ./Core/Src/arial.o
 .rodata.image_data_Arial_0x5d
                0x00000000080025e8        0x8 ./Core/Src/arial.o
 .rodata.Arial_0x5d
                0x00000000080025f0        0xc ./Core/Src/arial.o
 .rodata.image_data_Arial_0x5e
                0x00000000080025fc        0x8 ./Core/Src/arial.o
 .rodata.Arial_0x5e
                0x0000000008002604        0xc ./Core/Src/arial.o
 .rodata.image_data_Arial_0x5f
                0x0000000008002610        0x8 ./Core/Src/arial.o
 .rodata.Arial_0x5f
                0x0000000008002618        0xc ./Core/Src/arial.o
 .rodata.image_data_Arial_0x60
                0x0000000008002624        0x8 ./Core/Src/arial.o
 .rodata.Arial_0x60
                0x000000000800262c        0xc ./Core/Src/arial.o
 .rodata.image_data_Arial_0x61
                0x0000000008002638        0x8 ./Core/Src/arial.o
 .rodata.Arial_0x61
                0x0000000008002640        0xc ./Core/Src/arial.o
 .rodata.image_data_Arial_0x62
                0x000000000800264c        0x8 ./Core/Src/arial.o
 .rodata.Arial_0x62
                0x0000000008002654        0xc ./Core/Src/arial.o
 .rodata.image_data_Arial_0x63
                0x0000000008002660        0x8 ./Core/Src/arial.o
 .rodata.Arial_0x63
                0x0000000008002668        0xc ./Core/Src/arial.o
 .rodata.image_data_Arial_0x64
                0x0000000008002674        0x8 ./Core/Src/arial.o
 .rodata.Arial_0x64
                0x000000000800267c        0xc ./Core/Src/arial.o
 .rodata.image_data_Arial_0x65
                0x0000000008002688        0x8 ./Core/Src/arial.o
 .rodata.Arial_0x65
                0x0000000008002690        0xc ./Core/Src/arial.o
 .rodata.image_data_Arial_0x66
                0x000000000800269c        0x8 ./Core/Src/arial.o
 .rodata.Arial_0x66
                0x00000000080026a4        0xc ./Core/Src/arial.o
 .rodata.image_data_Arial_0x67
                0x00000000080026b0        0x8 ./Core/Src/arial.o
 .rodata.Arial_0x67
                0x00000000080026b8        0xc ./Core/Src/arial.o
 .rodata.image_data_Arial_0x68
                0x00000000080026c4        0x8 ./Core/Src/arial.o
 .rodata.Arial_0x68
                0x00000000080026cc        0xc ./Core/Src/arial.o
 .rodata.image_data_Arial_0x69
                0x00000000080026d8        0x8 ./Core/Src/arial.o
 .rodata.Arial_0x69
                0x00000000080026e0        0xc ./Core/Src/arial.o
 .rodata.image_data_Arial_0x6a
                0x00000000080026ec        0x8 ./Core/Src/arial.o
 .rodata.Arial_0x6a
                0x00000000080026f4        0xc ./Core/Src/arial.o
 .rodata.image_data_Arial_0x6b
                0x0000000008002700        0x8 ./Core/Src/arial.o
 .rodata.Arial_0x6b
                0x0000000008002708        0xc ./Core/Src/arial.o
 .rodata.image_data_Arial_0x6c
                0x0000000008002714        0x8 ./Core/Src/arial.o
 .rodata.Arial_0x6c
                0x000000000800271c        0xc ./Core/Src/arial.o
 .rodata.image_data_Arial_0x6d
                0x0000000008002728        0x8 ./Core/Src/arial.o
 .rodata.Arial_0x6d
                0x0000000008002730        0xc ./Core/Src/arial.o
 .rodata.image_data_Arial_0x6e
                0x000000000800273c        0x8 ./Core/Src/arial.o
 .rodata.Arial_0x6e
                0x0000000008002744        0xc ./Core/Src/arial.o
 .rodata.image_data_Arial_0x6f
                0x0000000008002750        0x8 ./Core/Src/arial.o
 .rodata.Arial_0x6f
                0x0000000008002758        0xc ./Core/Src/arial.o
 .rodata.image_data_Arial_0x70
                0x0000000008002764        0x8 ./Core/Src/arial.o
 .rodata.Arial_0x70
                0x000000000800276c        0xc ./Core/Src/arial.o
 .rodata.image_data_Arial_0x71
                0x0000000008002778        0x8 ./Core/Src/arial.o
 .rodata.Arial_0x71
                0x0000000008002780        0xc ./Core/Src/arial.o
 .rodata.image_data_Arial_0x72
                0x000000000800278c        0x8 ./Core/Src/arial.o
 .rodata.Arial_0x72
                0x0000000008002794        0xc ./Core/Src/arial.o
 .rodata.image_data_Arial_0x73
                0x00000000080027a0        0x8 ./Core/Src/arial.o
 .rodata.Arial_0x73
                0x00000000080027a8        0xc ./Core/Src/arial.o
 .rodata.image_data_Arial_0x74
                0x00000000080027b4        0x8 ./Core/Src/arial.o
 .rodata.Arial_0x74
                0x00000000080027bc        0xc ./Core/Src/arial.o
 .rodata.image_data_Arial_0x75
                0x00000000080027c8        0x8 ./Core/Src/arial.o
 .rodata.Arial_0x75
                0x00000000080027d0        0xc ./Core/Src/arial.o
 .rodata.image_data_Arial_0x76
                0x00000000080027dc        0x8 ./Core/Src/arial.o
 .rodata.Arial_0x76
                0x00000000080027e4        0xc ./Core/Src/arial.o
 .rodata.image_data_Arial_0x77
                0x00000000080027f0        0x8 ./Core/Src/arial.o
 .rodata.Arial_0x77
                0x00000000080027f8        0xc ./Core/Src/arial.o
 .rodata.image_data_Arial_0x78
                0x0000000008002804        0x8 ./Core/Src/arial.o
 .rodata.Arial_0x78
                0x000000000800280c        0xc ./Core/Src/arial.o
 .rodata.image_data_Arial_0x79
                0x0000000008002818        0x8 ./Core/Src/arial.o
 .rodata.Arial_0x79
                0x0000000008002820        0xc ./Core/Src/arial.o
 .rodata.image_data_Arial_0x7a
                0x000000000800282c        0x8 ./Core/Src/arial.o
 .rodata.Arial_0x7a
                0x0000000008002834        0xc ./Core/Src/arial.o
 .rodata.image_data_Arial_0x7b
                0x0000000008002840        0x8 ./Core/Src/arial.o
 .rodata.Arial_0x7b
                0x0000000008002848        0xc ./Core/Src/arial.o
 .rodata.image_data_Arial_0x7c
                0x0000000008002854        0x8 ./Core/Src/arial.o
 .rodata.Arial_0x7c
                0x000000000800285c        0xc ./Core/Src/arial.o
 .rodata.image_data_Arial_0x7d
                0x0000000008002868        0x8 ./Core/Src/arial.o
 .rodata.Arial_0x7d
                0x0000000008002870        0xc ./Core/Src/arial.o
 .rodata.image_data_Arial_0x7e
                0x000000000800287c        0x8 ./Core/Src/arial.o
 .rodata.Arial_0x7e
                0x0000000008002884        0xc ./Core/Src/arial.o
 .rodata.Arial_array
                0x0000000008002890      0x8e8 ./Core/Src/arial.o
 .rodata.Arial  0x0000000008003178        0x8 ./Core/Src/arial.o
                0x0000000008003178                Arial
 .rodata.tcb    0x0000000008003180      0x400 ./Core/Src/main.o
                0x0000000008003180                tcb
 .rodata.tcb_b  0x0000000008003580      0x400 ./Core/Src/main.o
                0x0000000008003580                tcb_b
 .rodata.AHBPrescTable
                0x0000000008003980       0x10 ./Core/Src/system_stm32f1xx.o
                0x0000000008003980                AHBPrescTable
 .rodata.APBPrescTable
                0x0000000008003990        0x8 ./Core/Src/system_stm32f1xx.o
                0x0000000008003990                APBPrescTable
 .rodata.aPLLMULFactorTable.1
                0x0000000008003998       0x10 ./Drivers/STM32F1xx_HAL_Driver/Src/stm32f1xx_hal_rcc.o
 .rodata.aPredivFactorTable.0
                0x00000000080039a8        0x2 ./Drivers/STM32F1xx_HAL_Driver/Src/stm32f1xx_hal_rcc.o
                0x00000000080039ac                . = ALIGN (0x4)
 *fill*         0x00000000080039aa        0x2 

.rel.dyn        0x00000000080039ac        0x0
 .rel.iplt      0x00000000080039ac        0x0 /opt/st/stm32cubeide_1.14.0/plugins/com.st.stm32cube.ide.mcu.externaltools.gnu-tools-for-stm32.11.3.rel1.linux64_1.1.100.202309141235/tools/bin/../lib/gcc/arm-none-eabi/11.3.1/thumb/v7-m/nofp/crtbegin.o

.ARM.extab      0x00000000080039ac        0x0
                0x00000000080039ac                . = ALIGN (0x4)
 *(.ARM.extab* .gnu.linkonce.armextab.*)
                0x00000000080039ac                . = ALIGN (0x4)

.ARM            0x00000000080039ac        0x0
                0x00000000080039ac                . = ALIGN (0x4)
                0x00000000080039ac                __exidx_start = .
 *(.ARM.exidx*)
                0x00000000080039ac                __exidx_end = .
                0x00000000080039ac                . = ALIGN (0x4)

.preinit_array  0x00000000080039ac        0x0
                0x00000000080039ac                . = ALIGN (0x4)
                0x00000000080039ac                PROVIDE (__preinit_array_start = .)
 *(.preinit_array*)
                0x00000000080039ac                PROVIDE (__preinit_array_end = .)
                0x00000000080039ac                . = ALIGN (0x4)

.init_array     0x00000000080039ac        0x4
                0x00000000080039ac                . = ALIGN (0x4)
                0x00000000080039ac                PROVIDE (__init_array_start = .)
 *(SORT_BY_NAME(.init_array.*))
 *(.init_array*)
 .init_array    0x00000000080039ac        0x4 /opt/st/stm32cubeide_1.14.0/plugins/com.st.stm32cube.ide.mcu.externaltools.gnu-tools-for-stm32.11.3.rel1.linux64_1.1.100.202309141235/tools/bin/../lib/gcc/arm-none-eabi/11.3.1/thumb/v7-m/nofp/crtbegin.o
                0x00000000080039b0                PROVIDE (__init_array_end = .)
                0x00000000080039b0                . = ALIGN (0x4)

.fini_array     0x00000000080039b0        0x4
                0x00000000080039b0                . = ALIGN (0x4)
                [!provide]                        PROVIDE (__fini_array_start = .)
 *(SORT_BY_NAME(.fini_array.*))
 *(.fini_array*)
 .fini_array    0x00000000080039b0        0x4 /opt/st/stm32cubeide_1.14.0/plugins/com.st.stm32cube.ide.mcu.externaltools.gnu-tools-for-stm32.11.3.rel1.linux64_1.1.100.202309141235/tools/bin/../lib/gcc/arm-none-eabi/11.3.1/thumb/v7-m/nofp/crtbegin.o
                [!provide]                        PROVIDE (__fini_array_end = .)
                0x00000000080039b4                . = ALIGN (0x4)
                0x00000000080039b4                _sidata = LOADADDR (.data)

.data           0x0000000020000000        0xc load address 0x00000000080039b4
                0x0000000020000000                . = ALIGN (0x4)
                0x0000000020000000                _sdata = .
 *(.data)
 *(.data*)
 .data.SystemCoreClock
                0x0000000020000000        0x4 ./Core/Src/system_stm32f1xx.o
                0x0000000020000000                SystemCoreClock
 .data.uwTickPrio
                0x0000000020000004        0x4 ./Drivers/STM32F1xx_HAL_Driver/Src/stm32f1xx_hal.o
                0x0000000020000004                uwTickPrio
 .data.uwTickFreq
                0x0000000020000008        0x1 ./Drivers/STM32F1xx_HAL_Driver/Src/stm32f1xx_hal.o
                0x0000000020000008                uwTickFreq
 *(.RamFunc)
 *(.RamFunc*)
                0x000000002000000c                . = ALIGN (0x4)
 *fill*         0x0000000020000009        0x3 
                0x000000002000000c                _edata = .

.igot.plt       0x000000002000000c        0x0 load address 0x00000000080039c0
 .igot.plt      0x000000002000000c        0x0 /opt/st/stm32cubeide_1.14.0/plugins/com.st.stm32cube.ide.mcu.externaltools.gnu-tools-for-stm32.11.3.rel1.linux64_1.1.100.202309141235/tools/bin/../lib/gcc/arm-none-eabi/11.3.1/thumb/v7-m/nofp/crtbegin.o
                0x000000002000000c                . = ALIGN (0x4)

.bss            0x000000002000000c      0x474 load address 0x00000000080039c0
                0x000000002000000c                _sbss = .
                0x000000002000000c                __bss_start__ = _sbss
 *(.bss)
 .bss           0x000000002000000c       0x1c /opt/st/stm32cubeide_1.14.0/plugins/com.st.stm32cube.ide.mcu.externaltools.gnu-tools-for-stm32.11.3.rel1.linux64_1.1.100.202309141235/tools/bin/../lib/gcc/arm-none-eabi/11.3.1/thumb/v7-m/nofp/crtbegin.o
 *(.bss*)
 .bss.hi2c1     0x0000000020000028       0x54 ./Core/Src/main.o
                0x0000000020000028                hi2c1
 .bss.buffer    0x000000002000007c      0x400 ./Core/Src/oled.o
                0x000000002000007c                buffer
 .bss.uwTick    0x000000002000047c        0x4 ./Drivers/STM32F1xx_HAL_Driver/Src/stm32f1xx_hal.o
                0x000000002000047c                uwTick
 *(COMMON)
                0x0000000020000480                . = ALIGN (0x4)
                0x0000000020000480                _ebss = .
                0x0000000020000480                __bss_end__ = _ebss

._user_heap_stack
                0x0000000020000480      0x600 load address 0x00000000080039c0
                0x0000000020000480                . = ALIGN (0x8)
                [!provide]                        PROVIDE (end = .)
                0x0000000020000480                PROVIDE (_end = .)
                0x0000000020000680                . = (. + _Min_Heap_Size)
 *fill*         0x0000000020000480      0x200 
                0x0000000020000a80                . = (. + _Min_Stack_Size)
 *fill*         0x0000000020000680      0x400 
                0x0000000020000a80                . = ALIGN (0x8)

/DISCARD/
 libc.a(*)
 libm.a(*)
 libgcc.a(*)

.ARM.attributes
                0x0000000000000000       0x29
 *(.ARM.attributes)
 .ARM.attributes
                0x0000000000000000       0x1d /opt/st/stm32cubeide_1.14.0/plugins/com.st.stm32cube.ide.mcu.externaltools.gnu-tools-for-stm32.11.3.rel1.linux64_1.1.100.202309141235/tools/bin/../lib/gcc/arm-none-eabi/11.3.1/thumb/v7-m/nofp/crti.o
 .ARM.attributes
                0x000000000000001d       0x2d /opt/st/stm32cubeide_1.14.0/plugins/com.st.stm32cube.ide.mcu.externaltools.gnu-tools-for-stm32.11.3.rel1.linux64_1.1.100.202309141235/tools/bin/../lib/gcc/arm-none-eabi/11.3.1/thumb/v7-m/nofp/crtbegin.o
 .ARM.attributes
                0x000000000000004a       0x2d ./Core/Src/arial.o
 .ARM.attributes
                0x0000000000000077       0x2d ./Core/Src/main.o
 .ARM.attributes
                0x00000000000000a4       0x2d ./Core/Src/oled.o
 .ARM.attributes
                0x00000000000000d1       0x2d ./Core/Src/stm32f1xx_hal_msp.o
 .ARM.attributes
                0x00000000000000fe       0x2d ./Core/Src/stm32f1xx_it.o
 .ARM.attributes
                0x000000000000012b       0x2d ./Core/Src/system_stm32f1xx.o
 .ARM.attributes
                0x0000000000000158       0x21 ./Core/Startup/startup_stm32f103c8tx.o
 .ARM.attributes
                0x0000000000000179       0x2d ./Drivers/STM32F1xx_HAL_Driver/Src/stm32f1xx_hal.o
 .ARM.attributes
                0x00000000000001a6       0x2d ./Drivers/STM32F1xx_HAL_Driver/Src/stm32f1xx_hal_cortex.o
 .ARM.attributes
                0x00000000000001d3       0x2d ./Drivers/STM32F1xx_HAL_Driver/Src/stm32f1xx_hal_gpio.o
 .ARM.attributes
                0x0000000000000200       0x2d ./Drivers/STM32F1xx_HAL_Driver/Src/stm32f1xx_hal_i2c.o
 .ARM.attributes
                0x000000000000022d       0x2d ./Drivers/STM32F1xx_HAL_Driver/Src/stm32f1xx_hal_rcc.o
 .ARM.attributes
                0x000000000000025a       0x2d /opt/st/stm32cubeide_1.14.0/plugins/com.st.stm32cube.ide.mcu.externaltools.gnu-tools-for-stm32.11.3.rel1.linux64_1.1.100.202309141235/tools/bin/../lib/gcc/arm-none-eabi/11.3.1/../../../../arm-none-eabi/lib/thumb/v7-m/nofp/libc_nano.a(libc_a-memset.o)
 .ARM.attributes
                0x0000000000000287       0x2d /opt/st/stm32cubeide_1.14.0/plugins/com.st.stm32cube.ide.mcu.externaltools.gnu-tools-for-stm32.11.3.rel1.linux64_1.1.100.202309141235/tools/bin/../lib/gcc/arm-none-eabi/11.3.1/../../../../arm-none-eabi/lib/thumb/v7-m/nofp/libc_nano.a(libc_a-init.o)
 .ARM.attributes
                0x00000000000002b4       0x2d /opt/st/stm32cubeide_1.14.0/plugins/com.st.stm32cube.ide.mcu.externaltools.gnu-tools-for-stm32.11.3.rel1.linux64_1.1.100.202309141235/tools/bin/../lib/gcc/arm-none-eabi/11.3.1/../../../../arm-none-eabi/lib/thumb/v7-m/nofp/libc_nano.a(libc_a-memcpy-stub.o)
 .ARM.attributes
                0x00000000000002e1       0x1d /opt/st/stm32cubeide_1.14.0/plugins/com.st.stm32cube.ide.mcu.externaltools.gnu-tools-for-stm32.11.3.rel1.linux64_1.1.100.202309141235/tools/bin/../lib/gcc/arm-none-eabi/11.3.1/thumb/v7-m/nofp/crtn.o
OUTPUT(TCB_OLED_F103.elf elf32-littlearm)
LOAD linker stubs
LOAD /opt/st/stm32cubeide_1.14.0/plugins/com.st.stm32cube.ide.mcu.externaltools.gnu-tools-for-stm32.11.3.rel1.linux64_1.1.100.202309141235/tools/bin/../lib/gcc/arm-none-eabi/11.3.1/../../../../arm-none-eabi/lib/thumb/v7-m/nofp/libc.a
LOAD /opt/st/stm32cubeide_1.14.0/plugins/com.st.stm32cube.ide.mcu.externaltools.gnu-tools-for-stm32.11.3.rel1.linux64_1.1.100.202309141235/tools/bin/../lib/gcc/arm-none-eabi/11.3.1/../../../../arm-none-eabi/lib/thumb/v7-m/nofp/libm.a
LOAD /opt/st/stm32cubeide_1.14.0/plugins/com.st.stm32cube.ide.mcu.externaltools.gnu-tools-for-stm32.11.3.rel1.linux64_1.1.100.202309141235/tools/bin/../lib/gcc/arm-none-eabi/11.3.1/thumb/v7-m/nofp/libgcc.a

.comment        0x0000000000000000       0x43
 .comment       0x0000000000000000       0x43 /opt/st/stm32cubeide_1.14.0/plugins/com.st.stm32cube.ide.mcu.externaltools.gnu-tools-for-stm32.11.3.rel1.linux64_1.1.100.202309141235/tools/bin/../lib/gcc/arm-none-eabi/11.3.1/thumb/v7-m/nofp/crtbegin.o
                                         0x44 (size before relaxing)
 .comment       0x0000000000000043       0x44 ./Core/Src/arial.o
 .comment       0x0000000000000043       0x44 ./Core/Src/main.o
 .comment       0x0000000000000043       0x44 ./Core/Src/oled.o
 .comment       0x0000000000000043       0x44 ./Core/Src/stm32f1xx_hal_msp.o
 .comment       0x0000000000000043       0x44 ./Core/Src/stm32f1xx_it.o
 .comment       0x0000000000000043       0x44 ./Core/Src/system_stm32f1xx.o
 .comment       0x0000000000000043       0x44 ./Drivers/STM32F1xx_HAL_Driver/Src/stm32f1xx_hal.o
 .comment       0x0000000000000043       0x44 ./Drivers/STM32F1xx_HAL_Driver/Src/stm32f1xx_hal_cortex.o
 .comment       0x0000000000000043       0x44 ./Drivers/STM32F1xx_HAL_Driver/Src/stm32f1xx_hal_gpio.o
 .comment       0x0000000000000043       0x44 ./Drivers/STM32F1xx_HAL_Driver/Src/stm32f1xx_hal_i2c.o
 .comment       0x0000000000000043       0x44 ./Drivers/STM32F1xx_HAL_Driver/Src/stm32f1xx_hal_rcc.o

.debug_info     0x0000000000000000     0x7530
 .debug_info    0x0000000000000000      0xefc ./Core/Src/arial.o
 .debug_info    0x0000000000000efc      0xabe ./Core/Src/main.o
 .debug_info    0x00000000000019ba      0xbb9 ./Core/Src/oled.o
 .debug_info    0x0000000000002573      0x845 ./Core/Src/stm32f1xx_hal_msp.o
 .debug_info    0x0000000000002db8      0x113 ./Core/Src/stm32f1xx_it.o
 .debug_info    0x0000000000002ecb      0x222 ./Core/Src/system_stm32f1xx.o
 .debug_info    0x00000000000030ed       0x23 ./Core/Startup/startup_stm32f103c8tx.o
 .debug_info    0x0000000000003110      0x704 ./Drivers/STM32F1xx_HAL_Driver/Src/stm32f1xx_hal.o
 .debug_info    0x0000000000003814      0xa87 ./Drivers/STM32F1xx_HAL_Driver/Src/stm32f1xx_hal_cortex.o
 .debug_info    0x000000000000429b      0x5ab ./Drivers/STM32F1xx_HAL_Driver/Src/stm32f1xx_hal_gpio.o
 .debug_info    0x0000000000004846     0x2515 ./Drivers/STM32F1xx_HAL_Driver/Src/stm32f1xx_hal_i2c.o
 .debug_info    0x0000000000006d5b      0x7d5 ./Drivers/STM32F1xx_HAL_Driver/Src/stm32f1xx_hal_rcc.o

.debug_abbrev   0x0000000000000000     0x149f
 .debug_abbrev  0x0000000000000000       0xb4 ./Core/Src/arial.o
 .debug_abbrev  0x00000000000000b4      0x26c ./Core/Src/main.o
 .debug_abbrev  0x0000000000000320      0x1ff ./Core/Src/oled.o
 .debug_abbrev  0x000000000000051f      0x1a3 ./Core/Src/stm32f1xx_hal_msp.o
 .debug_abbrev  0x00000000000006c2       0x73 ./Core/Src/stm32f1xx_it.o
 .debug_abbrev  0x0000000000000735      0x13f ./Core/Src/system_stm32f1xx.o
 .debug_abbrev  0x0000000000000874       0x12 ./Core/Startup/startup_stm32f103c8tx.o
 .debug_abbrev  0x0000000000000886      0x201 ./Drivers/STM32F1xx_HAL_Driver/Src/stm32f1xx_hal.o
 .debug_abbrev  0x0000000000000a87      0x2f8 ./Drivers/STM32F1xx_HAL_Driver/Src/stm32f1xx_hal_cortex.o
 .debug_abbrev  0x0000000000000d7f      0x1ca ./Drivers/STM32F1xx_HAL_Driver/Src/stm32f1xx_hal_gpio.o
 .debug_abbrev  0x0000000000000f49      0x2a3 ./Drivers/STM32F1xx_HAL_Driver/Src/stm32f1xx_hal_i2c.o
 .debug_abbrev  0x00000000000011ec      0x2b3 ./Drivers/STM32F1xx_HAL_Driver/Src/stm32f1xx_hal_rcc.o

.debug_aranges  0x0000000000000000      0x720
 .debug_aranges
                0x0000000000000000       0x18 ./Core/Src/arial.o
 .debug_aranges
                0x0000000000000018       0x40 ./Core/Src/main.o
 .debug_aranges
                0x0000000000000058       0x78 ./Core/Src/oled.o
 .debug_aranges
                0x00000000000000d0       0x30 ./Core/Src/stm32f1xx_hal_msp.o
 .debug_aranges
                0x0000000000000100       0x60 ./Core/Src/stm32f1xx_it.o
 .debug_aranges
                0x0000000000000160       0x28 ./Core/Src/system_stm32f1xx.o
 .debug_aranges
                0x0000000000000188       0x28 ./Core/Startup/startup_stm32f103c8tx.o
 .debug_aranges
                0x00000000000001b0       0xe0 ./Drivers/STM32F1xx_HAL_Driver/Src/stm32f1xx_hal.o
 .debug_aranges
                0x0000000000000290      0x100 ./Drivers/STM32F1xx_HAL_Driver/Src/stm32f1xx_hal_cortex.o
 .debug_aranges
                0x0000000000000390       0x58 ./Drivers/STM32F1xx_HAL_Driver/Src/stm32f1xx_hal_gpio.o
 .debug_aranges
                0x00000000000003e8      0x2a8 ./Drivers/STM32F1xx_HAL_Driver/Src/stm32f1xx_hal_i2c.o
 .debug_aranges
                0x0000000000000690       0x90 ./Drivers/STM32F1xx_HAL_Driver/Src/stm32f1xx_hal_rcc.o

.debug_macro    0x0000000000000000    0x168d6
 .debug_macro   0x0000000000000000       0x80 ./Core/Src/arial.o
 .debug_macro   0x0000000000000080      0xa9c ./Core/Src/arial.o
 .debug_macro   0x0000000000000b1c       0x22 ./Core/Src/arial.o
 .debug_macro   0x0000000000000b3e       0x8e ./Core/Src/arial.o
 .debug_macro   0x0000000000000bcc       0x51 ./Core/Src/arial.o
 .debug_macro   0x0000000000000c1d      0x103 ./Core/Src/arial.o
 .debug_macro   0x0000000000000d20       0x6a ./Core/Src/arial.o
 .debug_macro   0x0000000000000d8a      0x1df ./Core/Src/arial.o
 .debug_macro   0x0000000000000f69      0x1a7 ./Core/Src/main.o
 .debug_macro   0x0000000000001110      0x215 ./Core/Src/main.o
 .debug_macro   0x0000000000001325       0x2e ./Core/Src/main.o
 .debug_macro   0x0000000000001353       0x22 ./Core/Src/main.o
 .debug_macro   0x0000000000001375       0x1c ./Core/Src/main.o
 .debug_macro   0x0000000000001391       0x22 ./Core/Src/main.o
 .debug_macro   0x00000000000013b3       0xbd ./Core/Src/main.o
 .debug_macro   0x0000000000001470      0xd23 ./Core/Src/main.o
 .debug_macro   0x0000000000002193     0xe09e ./Core/Src/main.o
 .debug_macro   0x0000000000010231       0x6d ./Core/Src/main.o
 .debug_macro   0x000000000001029e     0x348d ./Core/Src/main.o
 .debug_macro   0x000000000001372b      0x174 ./Core/Src/main.o
 .debug_macro   0x000000000001389f       0x5c ./Core/Src/main.o
 .debug_macro   0x00000000000138fb      0x5bc ./Core/Src/main.o
 .debug_macro   0x0000000000013eb7      0x289 ./Core/Src/main.o
 .debug_macro   0x0000000000014140      0x1cb ./Core/Src/main.o
 .debug_macro   0x000000000001430b      0x114 ./Core/Src/main.o
 .debug_macro   0x000000000001441f      0x1b2 ./Core/Src/main.o
 .debug_macro   0x00000000000145d1       0x27 ./Core/Src/main.o
 .debug_macro   0x00000000000145f8      0x136 ./Core/Src/main.o
 .debug_macro   0x000000000001472e      0x1bc ./Core/Src/main.o
 .debug_macro   0x00000000000148ea       0x34 ./Core/Src/main.o
 .debug_macro   0x000000000001491e       0x3c ./Core/Src/main.o
 .debug_macro   0x000000000001495a       0x57 ./Core/Src/main.o
 .debug_macro   0x00000000000149b1       0x87 ./Core/Src/main.o
 .debug_macro   0x0000000000014a38      0x240 ./Core/Src/main.o
 .debug_macro   0x0000000000014c78      0x287 ./Core/Src/main.o
 .debug_macro   0x0000000000014eff      0x140 ./Core/Src/main.o
 .debug_macro   0x000000000001503f       0x83 ./Core/Src/main.o
 .debug_macro   0x00000000000150c2       0x10 ./Core/Src/main.o
 .debug_macro   0x00000000000150d2      0x27b ./Core/Src/oled.o
 .debug_macro   0x000000000001534d       0x22 ./Core/Src/oled.o
 .debug_macro   0x000000000001536f       0x61 ./Core/Src/oled.o
 .debug_macro   0x00000000000153d0       0x24 ./Core/Src/oled.o
 .debug_macro   0x00000000000153f4       0x43 ./Core/Src/oled.o
 .debug_macro   0x0000000000015437       0x34 ./Core/Src/oled.o
 .debug_macro   0x000000000001546b       0x16 ./Core/Src/oled.o
 .debug_macro   0x0000000000015481       0x43 ./Core/Src/oled.o
 .debug_macro   0x00000000000154c4       0x34 ./Core/Src/oled.o
 .debug_macro   0x00000000000154f8       0x10 ./Core/Src/oled.o
 .debug_macro   0x0000000000015508       0x58 ./Core/Src/oled.o
 .debug_macro   0x0000000000015560       0x8e ./Core/Src/oled.o
 .debug_macro   0x00000000000155ee       0x1c ./Core/Src/oled.o
 .debug_macro   0x000000000001560a      0x177 ./Core/Src/oled.o
 .debug_macro   0x0000000000015781      0x369 ./Core/Src/oled.o
 .debug_macro   0x0000000000015aea       0x10 ./Core/Src/oled.o
 .debug_macro   0x0000000000015afa       0x35 ./Core/Src/oled.o
 .debug_macro   0x0000000000015b2f       0x20 ./Core/Src/oled.o
 .debug_macro   0x0000000000015b4f      0x19d ./Core/Src/stm32f1xx_hal_msp.o
 .debug_macro   0x0000000000015cec      0x1a7 ./Core/Src/stm32f1xx_it.o
 .debug_macro   0x0000000000015e93      0x18e ./Core/Src/system_stm32f1xx.o
 .debug_macro   0x0000000000016021      0x1b2 ./Drivers/STM32F1xx_HAL_Driver/Src/stm32f1xx_hal.o
 .debug_macro   0x00000000000161d3      0x18e ./Drivers/STM32F1xx_HAL_Driver/Src/stm32f1xx_hal_cortex.o
 .debug_macro   0x0000000000016361      0x1f9 ./Drivers/STM32F1xx_HAL_Driver/Src/stm32f1xx_hal_gpio.o
 .debug_macro   0x000000000001655a      0x1dc ./Drivers/STM32F1xx_HAL_Driver/Src/stm32f1xx_hal_i2c.o
 .debug_macro   0x0000000000016736      0x1a0 ./Drivers/STM32F1xx_HAL_Driver/Src/stm32f1xx_hal_rcc.o

.debug_line     0x0000000000000000     0x8cd4
 .debug_line    0x0000000000000000      0x357 ./Core/Src/arial.o
 .debug_line    0x0000000000000357      0x759 ./Core/Src/main.o
 .debug_line    0x0000000000000ab0      0xa0a ./Core/Src/oled.o
 .debug_line    0x00000000000014ba      0x662 ./Core/Src/stm32f1xx_hal_msp.o
 .debug_line    0x0000000000001b1c      0x6da ./Core/Src/stm32f1xx_it.o
 .debug_line    0x00000000000021f6      0x696 ./Core/Src/system_stm32f1xx.o
 .debug_line    0x000000000000288c       0x78 ./Core/Startup/startup_stm32f103c8tx.o
 .debug_line    0x0000000000002904      0x8c3 ./Drivers/STM32F1xx_HAL_Driver/Src/stm32f1xx_hal.o
 .debug_line    0x00000000000031c7      0xaab ./Drivers/STM32F1xx_HAL_Driver/Src/stm32f1xx_hal_cortex.o
 .debug_line    0x0000000000003c72      0x95c ./Drivers/STM32F1xx_HAL_Driver/Src/stm32f1xx_hal_gpio.o
 .debug_line    0x00000000000045ce     0x3a3a ./Drivers/STM32F1xx_HAL_Driver/Src/stm32f1xx_hal_i2c.o
 .debug_line    0x0000000000008008      0xccc ./Drivers/STM32F1xx_HAL_Driver/Src/stm32f1xx_hal_rcc.o

.debug_str      0x0000000000000000    0x81fe7
 .debug_str     0x0000000000000000     0x4443 ./Core/Src/arial.o
                                       0x49d6 (size before relaxing)
 .debug_str     0x0000000000004443    0x78d83 ./Core/Src/main.o
                                      0x7cc74 (size before relaxing)
 .debug_str     0x000000000007d1c6     0x32a1 ./Core/Src/oled.o
                                      0x7fce1 (size before relaxing)
 .debug_str     0x0000000000080467       0x8c ./Core/Src/stm32f1xx_hal_msp.o
                                      0x7ca6a (size before relaxing)
 .debug_str     0x00000000000804f3       0xc9 ./Core/Src/stm32f1xx_it.o
                                      0x7c57b (size before relaxing)
 .debug_str     0x00000000000805bc       0x7e ./Core/Src/system_stm32f1xx.o
                                      0x7c569 (size before relaxing)
 .debug_str     0x000000000008063a       0x34 ./Core/Startup/startup_stm32f103c8tx.o
                                         0x71 (size before relaxing)
 .debug_str     0x000000000008066e      0x607 ./Drivers/STM32F1xx_HAL_Driver/Src/stm32f1xx_hal.o
                                      0x7cc9c (size before relaxing)
 .debug_str     0x0000000000080c75      0x2bb ./Drivers/STM32F1xx_HAL_Driver/Src/stm32f1xx_hal_cortex.o
                                      0x7cbe8 (size before relaxing)
 .debug_str     0x0000000000080f30      0x2e6 ./Drivers/STM32F1xx_HAL_Driver/Src/stm32f1xx_hal_gpio.o
                                      0x7c8ef (size before relaxing)
 .debug_str     0x0000000000081216      0xbc8 ./Drivers/STM32F1xx_HAL_Driver/Src/stm32f1xx_hal_i2c.o
                                      0x7d630 (size before relaxing)
 .debug_str     0x0000000000081dde      0x209 ./Drivers/STM32F1xx_HAL_Driver/Src/stm32f1xx_hal_rcc.o
                                      0x7c998 (size before relaxing)

.debug_rnglists
                0x0000000000000000      0x55f
 .debug_rnglists
                0x0000000000000000       0x2e ./Core/Src/main.o
 .debug_rnglists
                0x000000000000002e       0x57 ./Core/Src/oled.o
 .debug_rnglists
                0x0000000000000085       0x1f ./Core/Src/stm32f1xx_hal_msp.o
 .debug_rnglists
                0x00000000000000a4       0x43 ./Core/Src/stm32f1xx_it.o
 .debug_rnglists
                0x00000000000000e7       0x1a ./Core/Src/system_stm32f1xx.o
 .debug_rnglists
                0x0000000000000101       0x19 ./Core/Startup/startup_stm32f103c8tx.o
 .debug_rnglists
                0x000000000000011a       0xa3 ./Drivers/STM32F1xx_HAL_Driver/Src/stm32f1xx_hal.o
 .debug_rnglists
                0x00000000000001bd       0xbb ./Drivers/STM32F1xx_HAL_Driver/Src/stm32f1xx_hal_cortex.o
 .debug_rnglists
                0x0000000000000278       0x3f ./Drivers/STM32F1xx_HAL_Driver/Src/stm32f1xx_hal_gpio.o
 .debug_rnglists
                0x00000000000002b7      0x23c ./Drivers/STM32F1xx_HAL_Driver/Src/stm32f1xx_hal_i2c.o
 .debug_rnglists
                0x00000000000004f3       0x6c ./Drivers/STM32F1xx_HAL_Driver/Src/stm32f1xx_hal_rcc.o

.debug_frame    0x0000000000000000     0x1bfc
 .debug_frame   0x0000000000000000       0xa8 ./Core/Src/main.o
 .debug_frame   0x00000000000000a8      0x1c0 ./Core/Src/oled.o
 .debug_frame   0x0000000000000268       0x80 ./Core/Src/stm32f1xx_hal_msp.o
 .debug_frame   0x00000000000002e8      0x104 ./Core/Src/stm32f1xx_it.o
 .debug_frame   0x00000000000003ec       0x58 ./Core/Src/system_stm32f1xx.o
 .debug_frame   0x0000000000000444      0x334 ./Drivers/STM32F1xx_HAL_Driver/Src/stm32f1xx_hal.o
 .debug_frame   0x0000000000000778      0x428 ./Drivers/STM32F1xx_HAL_Driver/Src/stm32f1xx_hal_cortex.o
 .debug_frame   0x0000000000000ba0      0x14c ./Drivers/STM32F1xx_HAL_Driver/Src/stm32f1xx_hal_gpio.o
 .debug_frame   0x0000000000000cec      0xc84 ./Drivers/STM32F1xx_HAL_Driver/Src/stm32f1xx_hal_i2c.o
 .debug_frame   0x0000000000001970      0x218 ./Drivers/STM32F1xx_HAL_Driver/Src/stm32f1xx_hal_rcc.o
 .debug_frame   0x0000000000001b88       0x20 /opt/st/stm32cubeide_1.14.0/plugins/com.st.stm32cube.ide.mcu.externaltools.gnu-tools-for-stm32.11.3.rel1.linux64_1.1.100.202309141235/tools/bin/../lib/gcc/arm-none-eabi/11.3.1/../../../../arm-none-eabi/lib/thumb/v7-m/nofp/libc_nano.a(libc_a-memset.o)
 .debug_frame   0x0000000000001ba8       0x2c /opt/st/stm32cubeide_1.14.0/plugins/com.st.stm32cube.ide.mcu.externaltools.gnu-tools-for-stm32.11.3.rel1.linux64_1.1.100.202309141235/tools/bin/../lib/gcc/arm-none-eabi/11.3.1/../../../../arm-none-eabi/lib/thumb/v7-m/nofp/libc_nano.a(libc_a-init.o)
 .debug_frame   0x0000000000001bd4       0x28 /opt/st/stm32cubeide_1.14.0/plugins/com.st.stm32cube.ide.mcu.externaltools.gnu-tools-for-stm32.11.3.rel1.linux64_1.1.100.202309141235/tools/bin/../lib/gcc/arm-none-eabi/11.3.1/../../../../arm-none-eabi/lib/thumb/v7-m/nofp/libc_nano.a(libc_a-memcpy-stub.o)

.debug_line_str
                0x0000000000000000       0x65
 .debug_line_str
                0x0000000000000000       0x65 ./Core/Startup/startup_stm32f103c8tx.o
                                         0x7d (size before relaxing)
